# Намеренная ошибка: реестр не проходит проверку (раздел 6.7 методички)
# 2026-10-04 08:20:52 UTC
---
$ python3 src/lab02_risks.py --csv artifacts/risk_register_broken.csv --out artifacts/risk_ranking_broken.md
# Реестр рисков (ранжирование)

| Место | Оценка | Категория | Описание | Мера | Ответственный | Признак |
|---:|---:|---|---|---|---|---|
| 1 | 12 | Information Integrity | Иллюстрация воспринимается как документальная | Разделение иллюстративного и документального | редактор | Претензия организатора |
| 2 | 10 | Data Privacy | Материал с узнаваемыми людьми без согласия | Признак personal_data обязателен | юрист проекта | Правило R6 в отчёте аудита |

FAIL 1: R01: категория «Copyright» не из перечня NIST AI 600-1
FAIL 2: R01: likelihood и impact должны быть целыми от 1 до 5
FAIL 3: R01: не заполнено поле «owner»
FAIL 4: рисков 3, требуется не менее 5
FAIL 5: нужно не менее 4 разных категорий
RESULT: FAIL (5)
EXIT: 1

=== ИСПРАВЛЕННЫЙ РЕЕСТР ===
$ python3 src/lab02_risks.py --csv artifacts/risk_register.csv --out artifacts/risk_ranking.md
| 6 | 10 | Data Privacy | В набор на следующей итерации попадает материал с узнаваемыми людьми без документа-согласия, и афиша публикуется с их изображением | Признак наличия персональных данных обязателен в манифесте; при значении yes требуется документ-согласие с проверкой охвата и срока | юрист проекта | Правило R6 в отчёте аудита: объект с признаком personal_data без документа-согласия |
| 7 | 9 | Harmful Bias or Homogenization | Серия афиш фестиваля собирается из узкого пула материалов и воспроизводит однородные образы, сужая представление об аудитории события | Пул источников расширяется до каждой серии; макеты серии проверяются по чек-листу разнообразия перед утверждением | арт-директор | Макет отклонён по чек-листу разнообразия либо поступила жалоба на однородность серии |

RESULT: PASS
EXIT: 0
