# Попытка установить зависимости ровно по методическим указаниям (стр. 2)
# Команда: pip install "diffusers==0.40.0" "transformers>=4.51,<5" "accelerate>=1.2,<2" "safetensors>=0.5,<1" "Pillow>=11,<13"
# Дата: 2026-09-17T20:15:37Z
---
Collecting diffusers==0.40.0
  Downloading diffusers-0.40.0-py3-none-any.whl.metadata (20 kB)
Collecting transformers<5,>=4.51
  Downloading transformers-4.57.6-py3-none-any.whl.metadata (43 kB)
Collecting accelerate<2,>=1.2
  Downloading accelerate-1.15.0-py3-none-any.whl.metadata (19 kB)
Collecting safetensors<1,>=0.5
  Downloading safetensors-0.8.0-cp310-abi3-macosx_11_0_arm64.whl.metadata (4.2 kB)
Requirement already satisfied: Pillow<13,>=11 in ./.venv/lib/python3.12/site-packages (12.3.0)
Collecting importlib_metadata (from diffusers==0.40.0)
  Downloading importlib_metadata-9.0.1-py3-none-any.whl.metadata (4.5 kB)
Requirement already satisfied: filelock in ./.venv/lib/python3.12/site-packages (from diffusers==0.40.0) (4.0.0)
Collecting httpx<1.0.0 (from diffusers==0.40.0)
  Using cached httpx-0.28.1-py3-none-any.whl.metadata (7.1 kB)
Collecting huggingface-hub<2.0,>=1.23.0 (from diffusers==0.40.0)
  Downloading huggingface_hub-1.32.0-py3-none-any.whl.metadata (16 kB)
Requirement already satisfied: numpy in ./.venv/lib/python3.12/site-packages (from diffusers==0.40.0) (2.5.3)
Collecting regex!=2019.12.17 (from diffusers==0.40.0)
  Downloading regex-2026.9.10-cp312-cp312-macosx_11_0_arm64.whl.metadata (40 kB)
Collecting requests (from diffusers==0.40.0)
  Using cached requests-2.34.2-py3-none-any.whl.metadata (4.8 kB)
INFO: pip is looking at multiple versions of transformers to determine which version is compatible with other requirements. This could take a while.
Collecting transformers<5,>=4.51
  Downloading transformers-4.57.5-py3-none-any.whl.metadata (43 kB)
  Downloading transformers-4.57.4-py3-none-any.whl.metadata (43 kB)
  Downloading transformers-4.57.3-py3-none-any.whl.metadata (43 kB)
  Downloading transformers-4.57.2-py3-none-any.whl.metadata (43 kB)
  Downloading transformers-4.57.1-py3-none-any.whl.metadata (43 kB)
  Downloading transformers-4.56.2-py3-none-any.whl.metadata (40 kB)
  Downloading transformers-4.56.1-py3-none-any.whl.metadata (42 kB)
INFO: pip is still looking at multiple versions of transformers to determine which version is compatible with other requirements. This could take a while.
  Downloading transformers-4.56.0-py3-none-any.whl.metadata (40 kB)
  Downloading transformers-4.55.4-py3-none-any.whl.metadata (41 kB)
  Downloading transformers-4.55.3-py3-none-any.whl.metadata (41 kB)
  Downloading transformers-4.55.2-py3-none-any.whl.metadata (41 kB)
  Downloading transformers-4.55.1-py3-none-any.whl.metadata (41 kB)
INFO: This is taking longer than usual. You might need to provide the dependency resolver with stricter constraints to reduce runtime. See https://pip.pypa.io/warnings/backtracking for guidance. If you want to abort this run, press Ctrl + C.
  Downloading transformers-4.55.0-py3-none-any.whl.metadata (39 kB)
  Downloading transformers-4.54.1-py3-none-any.whl.metadata (41 kB)
  Downloading transformers-4.54.0-py3-none-any.whl.metadata (41 kB)
  Downloading transformers-4.53.3-py3-none-any.whl.metadata (40 kB)
  Downloading transformers-4.53.2-py3-none-any.whl.metadata (40 kB)
  Downloading transformers-4.53.1-py3-none-any.whl.metadata (40 kB)
  Downloading transformers-4.53.0-py3-none-any.whl.metadata (39 kB)
  Downloading transformers-4.52.4-py3-none-any.whl.metadata (38 kB)
  Downloading transformers-4.52.3-py3-none-any.whl.metadata (40 kB)
  Downloading transformers-4.52.2-py3-none-any.whl.metadata (40 kB)
  Downloading transformers-4.52.1-py3-none-any.whl.metadata (38 kB)
  Using cached transformers-4.51.3-py3-none-any.whl.metadata (38 kB)
  Downloading transformers-4.51.2-py3-none-any.whl.metadata (38 kB)
  Downloading transformers-4.51.1-py3-none-any.whl.metadata (38 kB)
  Downloading transformers-4.51.0-py3-none-any.whl.metadata (38 kB)
Collecting huggingface-hub<1.0,>=0.34.0 (from transformers<5,>=4.51)
  Using cached huggingface_hub-0.36.2-py3-none-any.whl.metadata (15 kB)
Collecting packaging>=20.0 (from transformers<5,>=4.51)
  Using cached packaging-26.3-py3-none-any.whl.metadata (3.5 kB)
Collecting pyyaml>=5.1 (from transformers<5,>=4.51)
  Using cached pyyaml-6.0.3-cp312-cp312-macosx_11_0_arm64.whl.metadata (2.4 kB)
Collecting tokenizers<=0.23.0,>=0.22.0 (from transformers<5,>=4.51)
  Using cached tokenizers-0.22.2-cp39-abi3-macosx_11_0_arm64.whl.metadata (7.3 kB)
Collecting tqdm>=4.27 (from transformers<5,>=4.51)
  Downloading tqdm-4.70.1-py3-none-any.whl.metadata (57 kB)
Requirement already satisfied: fsspec>=2023.5.0 in ./.venv/lib/python3.12/site-packages (from huggingface-hub<1.0,>=0.34.0->transformers<5,>=4.51) (2026.7.0)
Collecting hf-xet<2.0.0,>=1.1.3 (from huggingface-hub<1.0,>=0.34.0->transformers<5,>=4.51)
  Downloading hf_xet-1.6.0-cp38-abi3-macosx_11_0_arm64.whl.metadata (4.9 kB)
Requirement already satisfied: typing-extensions>=3.7.4.3 in ./.venv/lib/python3.12/site-packages (from huggingface-hub<1.0,>=0.34.0->transformers<5,>=4.51) (4.16.0)
INFO: pip is looking at multiple versions of diffusers to determine which version is compatible with other requirements. This could take a while.
ERROR: Cannot install diffusers==0.40.0, transformers==4.51.0, transformers==4.51.1, transformers==4.51.2, transformers==4.51.3, transformers==4.52.1, transformers==4.52.2, transformers==4.52.3, transformers==4.52.4, transformers==4.53.0, transformers==4.53.1, transformers==4.53.2, transformers==4.53.3, transformers==4.54.0, transformers==4.54.1, transformers==4.55.0, transformers==4.55.1, transformers==4.55.2, transformers==4.55.3, transformers==4.55.4, transformers==4.56.0, transformers==4.56.1, transformers==4.56.2, transformers==4.57.1, transformers==4.57.2, transformers==4.57.3, transformers==4.57.4 and transformers==4.57.5 because these package versions have conflicting dependencies.

The conflict is caused by:
    diffusers 0.40.0 depends on huggingface-hub<2.0 and >=1.23.0
    transformers 4.57.5 depends on huggingface-hub<1.0 and >=0.34.0
    transformers 4.57.4 depends on huggingface-hub<1.0 and >=0.34.0
    transformers 4.57.3 depends on huggingface-hub<1.0 and >=0.34.0
    transformers 4.57.2 depends on huggingface-hub<1.0 and >=0.34.0
    transformers 4.57.1 depends on huggingface-hub<1.0 and >=0.34.0
    transformers 4.56.2 depends on huggingface-hub<1.0 and >=0.34.0
    transformers 4.56.1 depends on huggingface-hub<1.0 and >=0.34.0
    transformers 4.56.0 depends on huggingface-hub<1.0 and >=0.34.0
    transformers 4.55.4 depends on huggingface-hub<1.0 and >=0.34.0
    transformers 4.55.3 depends on huggingface-hub<1.0 and >=0.34.0
    transformers 4.55.2 depends on huggingface-hub<1.0 and >=0.34.0
    transformers 4.55.1 depends on huggingface-hub<1.0 and >=0.34.0
    transformers 4.55.0 depends on huggingface-hub<1.0 and >=0.34.0
    transformers 4.54.1 depends on huggingface-hub<1.0 and >=0.34.0
    transformers 4.54.0 depends on huggingface-hub<1.0 and >=0.34.0
    transformers 4.53.3 depends on huggingface-hub<1.0 and >=0.30.0
    transformers 4.53.2 depends on huggingface-hub<1.0 and >=0.30.0
    transformers 4.53.1 depends on huggingface-hub<1.0 and >=0.30.0
    transformers 4.53.0 depends on huggingface-hub<1.0 and >=0.30.0
    transformers 4.52.4 depends on huggingface-hub<1.0 and >=0.30.0
    transformers 4.52.3 depends on huggingface-hub<1.0 and >=0.30.0
    transformers 4.52.2 depends on huggingface-hub<1.0 and >=0.30.0
    transformers 4.52.1 depends on huggingface-hub<1.0 and >=0.30.0
    transformers 4.51.3 depends on huggingface-hub<1.0 and >=0.30.0
    transformers 4.51.2 depends on huggingface-hub<1.0 and >=0.30.0
    transformers 4.51.1 depends on huggingface-hub<1.0 and >=0.30.0
    transformers 4.51.0 depends on huggingface-hub<1.0 and >=0.30.0

Additionally, some packages in these conflicts have no matching distributions available for your environment:
    huggingface-hub

To fix this you could try to:
1. loosen the range of package versions you've specified
2. remove package versions to allow pip to attempt to solve the dependency conflict

ERROR: ResolutionImpossible: for help visit https://pip.pypa.io/en/latest/topics/dependency-resolution/#dealing-with-dependency-conflicts
EXIT CODE: 1
