# Команда: python src/generate_once.py run_001
# Начало (UTC): 2026-09-17T22:28:53.646117+00:00
---
{
  "created_utc": "2026-09-17T22:29:17.718913+00:00",
  "variant": 11,
  "variant_context": "Иллюстрация для материала о кибербезопасности",
  "variant_factor": "метафора защиты без интерфейсных клише",
  "run_name": "run_001",
  "model_id": "stabilityai/sd-turbo",
  "revision": "b261bac6fd2cf515557d5d0707481eafa0485ec2",
  "prompt": "abstract editorial illustration of layered protection, a smooth matte stone core enclosed by several concentric translucent glass shells, neutral seamless studio backdrop, deep teal and pale sand palette, centered symmetrical composition with wide empty margins, soft diffused light, no text, no logo, no people, no padlock, no shield emblem, no binary code, no user interface",
  "seed": 20260911,
  "num_inference_steps": 4,
  "guidance_scale": 0.0,
  "height": 512,
  "width": 512,
  "device": "cpu",
  "dtype": "torch.float32",
  "deterministic_algorithms": true,
  "torch_num_threads": 1,
  "platform": "macOS-26.6.2-arm64-arm-64bit",
  "processor": "arm",
  "machine": "arm64",
  "python": "3.12.8",
  "packages": {
    "torch": "2.14.0",
    "torchvision": "0.29.0",
    "diffusers": "0.40.0",
    "transformers": "5.17.0",
    "accelerate": "1.15.0",
    "safetensors": "0.8.0",
    "huggingface-hub": "1.32.0",
    "Pillow": "12.3.0"
  },
  "hf_home": "/Users/ykvnkm/Documents/GitHub/ai-in-creative-industries/LR01/cache/huggingface",
  "model_load_seconds_measured": 0.3656103330140468,
  "generation_seconds_measured": 20.187987667013658,
  "artifact": "artifacts/run_001/result.png",
  "artifact_size_bytes": 574124,
  "image_size_observed": [
    512,
    512
  ],
  "image_mode_observed": "RGB",
  "sha256": "1f14ca3a96390159968da9c05e7409b5f3a8d9c429715febaf0904eadf02bef6"
}
/Users/ykvnkm/Documents/GitHub/ai-in-creative-industries/LR01/.venv/lib/python3.12/site-packages/torch/jit/_script.py:1491: FutureWarning: `torch.jit.script` is deprecated. Please switch to `torch.compile` or `torch.export`.
  warnings.warn(
[transformers] `Siglip2ImageProcessorFast` is deprecated. The `Fast` suffix for image processors has been removed; use `Siglip2ImageProcessor` instead.
/Users/ykvnkm/Documents/GitHub/ai-in-creative-industries/LR01/.venv/lib/python3.12/site-packages/huggingface_hub/utils/_validators.py:208: UserWarning: The `local_dir_use_symlinks` argument is deprecated and ignored in `hf_hub_download`. Downloading to a local directory does not use symlinks anymore.
  warnings.warn(
/Users/ykvnkm/Documents/GitHub/ai-in-creative-industries/LR01/.venv/lib/python3.12/site-packages/diffusers/utils/deprecation_utils.py:23: FutureWarning: `torch_dtype` is deprecated and will be removed in version 1.0.0. Please use `dtype` instead.
  deprecate("torch_dtype", "1.0.0", _TORCH_DTYPE_DEPRECATION_MESSAGE)
Couldn't connect to the Hub: Cannot reach https://huggingface.co/api/models/stabilityai/sd-turbo/revision/b261bac6fd2cf515557d5d0707481eafa0485ec2: offline mode is enabled. To disable it, please unset the `HF_HUB_OFFLINE` environment variable..
Will try to load from local cache.

Loading pipeline components...:   0%|          | 0/5 [00:00<?, ?it/s]
Loading pipeline components...:  20%|██        | 1/5 [00:00<00:00,  5.45it/s]

Loading weights:   0%|          | 0/372 [00:00<?, ?it/s][A
Loading weights: 100%|██████████| 372/372 [00:00<00:00, 9524.48it/s]

Loading pipeline components...: 100%|██████████| 5/5 [00:00<00:00, 16.38it/s]
Loading pipeline components...: 100%|██████████| 5/5 [00:00<00:00, 14.61it/s]
You have disabled the safety checker for <class 'diffusers.pipelines.stable_diffusion.pipeline_stable_diffusion.StableDiffusionPipeline'> by passing `safety_checker=None`. Ensure that you abide to the conditions of the Stable Diffusion license and do not expose unfiltered results in services or applications open to the public. Both the diffusers team and Hugging Face strongly recommend to keep the safety filter enabled in all public facing circumstances, disabling it only for use-cases that involve analyzing network behavior or auditing its results. For more information, please have a look at https://github.com/huggingface/diffusers/pull/254 .

  0%|          | 0/4 [00:00<?, ?it/s]
 25%|██▌       | 1/4 [00:08<00:24,  8.20s/it]
 50%|█████     | 2/4 [00:09<00:08,  4.08s/it]
 75%|███████▌  | 3/4 [00:10<00:02,  2.72s/it]
100%|██████████| 4/4 [00:11<00:00,  2.07s/it]
100%|██████████| 4/4 [00:11<00:00,  2.90s/it]

EXIT: 0
